
> yugioh-deck-app@0.1.0 build
> next build

⚠ Invalid next.config.ts options detected: 
⚠     Unrecognized key(s) in object: '0', '1', '2', '3', '4', '5', '6', '7', '8', '9', '10', '11', '12', '13', '14', '15', '16', '17', '18', '19', '20', '21'
⚠ See more info here: https://nextjs.org/docs/messages/invalid-next-config
⚠ Warning: Next.js inferred your workspace root, but it may not be correct.
 We detected multiple lockfiles and selected the directory of /home/sean/package-lock.json as the root directory.
 To silence this warning, set `turbopack.root` in your Next.js config, or consider removing one of the lockfiles if it's not needed.
   See https://nextjs.org/docs/app/api-reference/config/next-config-js/turbopack#root-directory for more information.
 Detected additional lockfiles: 
   * /home/sean/.openclaw/workspace/Yugioh-Deck-builder/package-lock.json

▲ Next.js 16.2.10 (Turbopack)

  Creating an optimized production build ...
⨯ ERROR: This build is using Turbopack, with a `webpack` config and no `turbopack` config.
   This may be a mistake.

   As of Next.js 16 Turbopack is enabled by default and
   custom webpack configurations may need to be migrated to Turbopack.

   NOTE: your `webpack` config may have been added by a configuration plugin.

   To configure Turbopack, see https://nextjs.org/docs/app/api-reference/next-config-js/turbopack

   TIP: Many applications work fine under Turbopack with no configuration,
   if that is the case for you, you can silence this error by passing the
   `--turbopack` or `--webpack` flag explicitly or simply setting an 
   empty turbopack config in your Next config file (e.g. `turbopack: {}`).

> Build error occurred
Error: Call retries were exceeded
    at ignore-listed frames {
  type: 'WorkerError'
}
